# Android Crash Debug Report
Generated: 2025-07-06T09:12:21.667Z

## üì± Device Information
- **Model**: SM-G998B
- **Brand**: samsung
- **Android Version**: 15
- **SDK Level**: 35
- **Build ID**: AP3A.240905.015.A2
- **Hardware**: exynos2100

## üí• Crash Analysis Summary
- **Total Crashes Found**: 1
- **Memory Issues**: 0
- **ANR Issues**: 1
- **Native Crashes**: 1

## üîç Common Error Patterns
No common patterns detected

## üß† Memory Issues
No memory issues detected

## ‚ö†Ô∏è ANR (App Not Responding) Issues
```
Error collecting logs: undefined
```

## üí• Native Crashes
```
No logs found
```

## üéØ Recommendations
- ANR issues detected - apps may be hanging
- Native crashes detected - system-level issues possible

## üìä System Information
### Memory Usage
```
MemTotal:       14945948 kB
MemFree:         2313976 kB
MemAvailable:    7546692 kB
Buffers:            5376 kB
Cached:          7040308 kB
```

### Storage Information
```
Filesystem        Size Used Avail Use% Mounted on
/dev/block/dm-4   7.3G 7.3G  9.3M 100% /
tmpfs             6.7G 2.3M  6.7G   1% /dev
tmpfs             6.7G    0  6.7G   0% /mnt
/dev/block/dm-5   1.5G 1.5G     0 100% /vendor
/dev/block/dm-6   1.5G 1.5G     0 100% /product
/dev/block/dm-7   3.9M 1.0M  2.8M  27% /odm
/dev/block/dm-8   1.3G 1.0G  284M  79% /prism
/dev/block/dm-9    29M 5.7M   23M  21% /optics
tmpfs             7.1G  40K  7.1G   1% /apex
tmpfs             7.1G 4.0K  7.1G   1% /bootstrap-apex
/dev/block/loop0   11M  11M     0 100% /bootstrap-apex/com.android.runtime@1
/dev/block/loop1  108M 108M     0 100% /bootstrap-apex/com.android.vndk.v30@1
/dev/block/loop3   38M  38M     0 100% /bootstrap-apex/com.android.i18n@1
/dev/block/loop2  788K 756K   16K  98% /bootstrap-apex/com.android.tzdata@351400020
tmpfs             7.1G    0  7.1G   0% /tmp
/dev/block/sda32   45M  32K   44M   1% /omr
/dev/block/sda31  583M  35M  536M   7% /cache
/dev/block/sda2    16M 5.3M   10M  36% /efs
/dev/block/dm-52  463G 202G  261G  44% /data
/dev/block/loop4  316K 284K   28K  92% /apex/com.android.virt@2
/dev/block/loop5   23M  23M     0 100% /apex/com.android.btservices@352090000
/dev/block/loop17 232K  28K  200K  13% /apex/com.samsung.android.wifi.broadcom@300000000
/dev/block/loop27 232K 168K   60K  74% /apex/com.android.devicelock@1
/dev/block/loop28 2.3M 2.3M     0 100% /apex/com.samsung.android.spqr@432
/dev/block/loop15 1.2M 1.1M  8.0K 100% /apex/com.android.rkpd@352090000
/dev/block/loop23 336K 304K   28K  92% /apex/com.samsung.android.shell@342505211
/dev/block/loop16  38M  38M     0 100% /apex/com.android.i18n@1
/dev/block/loop13 728K 700K   16K  98% /apex/com.samsung.android.authfw.ta@315250500
/dev/block/loop12 2.1M 2.0M     0 100% /apex/com.google.mainline.primary.libs@351165000
/dev/block/dm-49   10M  10M     0 100% /apex/com.android.adbd@360527560
/dev/block/dm-41  2.9M 2.9M     0 100% /apex/com.android.os.statsd@351416020
/dev/block/loop25 108M 108M     0 100% /apex/com.android.vndk.v30@1
/dev/block/dm-44   11M  11M     0 100% /apex/com.android.configinfrastructure@360527560
/dev/block/dm-45  232K 104K  124K  46% /apex/com.android.scheduling@360527560
/dev/block/dm-32  4.3M 4.2M     0 100% /apex/com.android.uwb@352090000
/dev/block/dm-36   26M  26M     0 100% /apex/com.android.permission@360673420
/dev/block/loop30 232K 112K  116K  50% /apex/com.android.apex.cts.shim@1
/dev/block/dm-31  836K 808K   12K  99% /apex/com.android.ipsec@360527560
/dev/block/dm-39  6.6M 6.6M     0 100% /apex/com.android.media@360673340
/dev/block/dm-50   27M  27M     0 100% /apex/com.android.media.swcodec@360673340
/dev/block/dm-17   26M  26M     0 100% /apex/com.android.tethering@360671220
/dev/block/dm-35  788K 756K   16K  98% /apex/com.android.tzdata@360527580
/dev/block/dm-51   31M  31M     0 100% /apex/com.android.mediaprovider@360673340
/dev/block/dm-33  6.2M 6.2M     0 100% /apex/com.android.extservices@360671263
/dev/block/dm-16   41M  41M     0 100% /apex/com.android.art@360529000
/dev/block/dm-20   13M  13M     0 100% /apex/com.android.ondevicepersonalization@351525000
/dev/block/dm-13  764K 736K   16K  98% /apex/com.android.sdkext@360655020
/dev/block/dm-34  7.0M 6.9M     0 100% /apex/com.android.conscrypt@360527560
/dev/block/loop33 232K  24K  204K  11% /apex/com.samsung.android.biometrics.fingerprint@311722300
/dev/block/dm-14  4.4M 4.4M     0 100% /apex/com.android.resolv@360671160
/dev/block/dm-27  4.8M 4.8M     0 100% /apex/com.android.appsearch@360673380
/dev/block/dm-18  7.6M 7.5M     0 100% /apex/com.android.neuralnetworks@360527560
/dev/block/loop38 232K  56K  172K  25% /apex/com.samsung.android.lifeguard@332017701
/dev/block/loop29 232K  28K  200K  13% /apex/com.samsung.android.camera.unihal@301742001
/dev/block/dm-25   21M  21M     0 100% /apex/com.android.adservices@351524100
/dev/block/dm-19   19M  18M     0 100% /apex/com.android.cellbroadcast@360671160
/dev/block/loop24  11M  11M     0 100% /apex/com.android.runtime@1
/dev/block/loop44 232K  24K  204K  11% /apex/com.samsung.android.biometrics.face@311722300
/dev/block/dm-22  596K 568K   16K  98% /apex/com.android.profiling@352090000
/dev/block/dm-47  8.6M 8.6M     0 100% /apex/com.android.wifi@352090000
/dev/block/dm-15   15M  15M     0 100% /apex/com.android.healthfitness@360667100
/dev/fuse         463G 202G  261G  44% /storage/emulated
```

### Running Processes
```
USER           PID  PPID        VSZ    RSS WCHAN            ADDR S NAME                       
root             1     0   12574352   8268 0                   0 S init
root             2     0          0      0 0                   0 S [kthreadd]
root             3     2          0      0 0                   0 I [rcu_gp]
root             4     2          0      0 0                   0 I [rcu_par_gp]
root             5     2          0      0 0                   0 I [kworker/0:0-sock_diag_events]
root             6     2          0      0 0                   0 I [kworker/0:0H-fsverity_read_queue]
root             7     2          0      0 0                   0 I [kworker/u16:0-events_unbound]
root             8     2          0      0 0                   0 I [mm_percpu_wq]
root             9     2          0      0 0                   0 S [ksoftirqd/0]
root            10     2          0      0 0                   0 I [rcu_preempt]
root            11     2          0      0 0                   0 S [migration/0]
root            12     2          0      0 0                   0 I [kworker/0:1-sock_diag_events]
root            13     2          0      0 0                   0 S [cpuhp/0]
root            14     2          0      0 0                   0 S [cpuhp/1]
root            15     2          0      0 0                   0 S [migration/1]
root            16     2          0      0 0                   0 S [ksoftirqd/1]
root            17     2          0      0 0                   0 I [kworker/1:0-events]
root            18     2          0      0 0                   0 I [kworker/1:0H-kblockd]
root            19     2          0      0 0                   0 S [cpuhp/2]
```

## üîß Detailed Logs
### Recent Crashes
```
No logs found
```

### System Errors
```
--------- beginning of main
07-06 17:12:19.977 19887 20130 E ActionQueryTaskListener: 1 onTaskComplete [true,false,] BACKGROUND modules: [executorch,s_executorch_pytorch(*)]
07-06 17:12:20.286  2249  2963 E BluetoothUtils: Permission denial: Need ACCESS_COARSE_LOCATION or ACCESS_FINE_LOCATIONpermission to get scan results
07-06 17:12:20.291  2249  2908 E BtGatt.GattService: [GSIM LOG]: gsimLogHandler, msg: MESSAGE_SCAN_START, appName: com.huawei.health, scannerId: 10, reportDelayMillis=0
```

### Kernel Messages
```
No logs found
```

---
*Report generated by Android Crash Debugger*
        